[brilliant-usage-785173.framer.app/index.html]
[backblue.gif]
[fade.gif]
[index.html]
[framerusercontent.com/sites/icons/default-favicon-light.v1.png]
[framerusercontent.com/sites/icons/default-favicon-dark.v1.png]
[framerusercontent.com/sites/icons/default-touch-icon.v3.png]
[fonts.gstatic.com/s/youngserif/v2/3qTpojO2nS2VtkB3KtkQZ1tz3kYoaQ.woff2]
[framerusercontent.com/images/V9nfz26wBepomYesy9KDkfixmM.jpg]
[framerusercontent.com/images/rTcT0qgg6bwEXlVySgeGUaQbAcE.png]
[framerusercontent.com/images/or5kfHnlRcloBnqCZ6fruaQgI17f5.jpg]
[framerusercontent.com/images/yXBiPfIfr44LzAVcuw3yE8SagNM17f5.jpg]
[framerusercontent.com/images/O1gxtPrR969QMQQgprLxXxskDjk17f5.jpg]
[brilliant-usage-785173.framer.app/image-of-the-map.html]
[framerusercontent.com/images/aAHCl5qP0LpWMRy1UW8uXa5rf0.jpg]
[framerusercontent.com/images/uuJZEAxqxLlpKvtRoYDUX2QpsKs.png]
[framerusercontent.com/images/mCkAvcRmwl6gt3KE3gEl1m5t3g.png]
[framerusercontent.com/images/P7Efad91Jswlb2cildLSAoOzIc17f5.png]
[framerusercontent.com/images/3ow72XTiz6owOuqOmn0BUZ2lwss.png]
[framerusercontent.com/images/CmnxGeOrC5qoYLBJnvJMCVaITrQ.png]
[framerusercontent.com/images/y8ZZDtQyqWpaMBMr6iiiq0dPoc.png]
[framerusercontent.com/images/4lOVR6MdrOpuj97aEoLRubsyE0.png]
[framerusercontent.com/images/9rAglPjBxcE9w2V5jvugiaQ.jpg]
[framerusercontent.com/images/Wcxo8K8WGLORWppEN69IoXIPQ.jpg]
[framerusercontent.com/images/Mfdt3uw8S9JKS4NCR1RrFlQ.jpg]
[framerusercontent.com/images/nbzoz7ypwlAMKuAljZxRfMvnWU.jpg]
[framerusercontent.com/images/cuNB44gTkft1hw8hPMPIVDzcPdc.jpg]
[framerusercontent.com/images/eFPoBCCnYAqhjsuByfUno7V1eI.jpg]
[framerusercontent.com/images/vGzaA2YOiaPGUxxKZQ7iRcuNXM.jpg]
[framerusercontent.com/images/ssWqX5BhvCZuK1dUgHvKP0NtKj0.jpg]
[framerusercontent.com/images/mFtF5scsEY7LhNZ1qxIP6f6c7I.jpg]
[framerusercontent.com/images/w3IZU3Sy8vRxcOICjrNz5LLncew.jpg]
[framerusercontent.com/images/USVGmxtnmuU3S22wUP4xYaATUM.jpg]
[brilliant-usage-785173.framer.app/index.html]
[brilliant-usage-785173.framer.app/image-of-the-map.html]
