[brilliant-usage-785173.framer.app/index.html]
[backblue.gif]
[fade.gif]
[index.html]
[framerusercontent.com/sites/icons/default-favicon-light.v1.png]
[framerusercontent.com/sites/icons/default-favicon-dark.v1.png]
[framerusercontent.com/sites/icons/default-touch-icon.v3.png]
[fonts.gstatic.com/s/youngserif/v2/3qTpojO2nS2VtkB3KtkQZ1tz3kYoaQ.woff2]
[fonts.gstatic.com/s/youngserif/v2/3qTpojO2nS2VtkB3KtkQZ1t93kY.woff2]
[fonts.gstatic.com/s/cactusclassicalserif/v14/sZlVdQ6K-zJOCzUaS90zMNN-Ep-OoC8dZr0JFuVIFX-pv-E.woff2]
[fonts.gstatic.com/s/abyssinicasil/v9/oY1H8ezOqK7iI3rK_45WKoc8J6UcBFOVAXuI.woff2]
[framerusercontent.com/assets/mYcqTSergLb16PdbJJQMl9ebYm4.woff2]
[framerusercontent.com/assets/ZRl8AlxwsX1m7xS1eJCiSPbztg.woff2]
[framerusercontent.com/assets/nhSQpBRqFmXNUBY2p5SENQ8NplQ.woff2]
[framerusercontent.com/assets/DYHjxG0qXjopUuruoacfl5SA.woff2]
[framerusercontent.com/assets/s7NH6sl7w4NU984r5hcmo1tPSYo.woff2]
[framerusercontent.com/assets/7lw0VWkeXrGYJT05oB3DsFy8BaY.woff2]
[framerusercontent.com/assets/wx5nfqEgOXnxuFaxB0Mn9OhmcZA.woff2]
[framerusercontent.com/assets/5A3Ce6C9YYmCjpQx9M4inSaKU.woff2]
[framerusercontent.com/assets/Qx95Xyt0Ka3SGhinnbXIGpEIyP4.woff2]
[framerusercontent.com/assets/6mJuEAguuIuMog10gGvH5d3cl8.woff2]
[framerusercontent.com/assets/xYYWaj7wCU5zSQH0eXvSaS19wo.woff2]
[framerusercontent.com/assets/otTaNuNpVK4RbdlT7zDDdKvQBA.woff2]
[framerusercontent.com/assets/UjlFhCnUjxhNfep4oYBPqnEssyo.woff2]
[framerusercontent.com/assets/DolVirEGb34pEXEp8t8FQBSK4.woff2]
[framerusercontent.com/assets/mkY5Sgyq51ik0AMrSBwhm9DJg.woff2]
[framerusercontent.com/assets/X5hj6qzcHUYv7h1390c8Rhm6550.woff2]
[framerusercontent.com/assets/gQhNpS3tN86g8RcVKYUUaKt2oMQ.woff2]
[framerusercontent.com/assets/cugnVhSraaRyANCaUtI5FV17wk.woff2]
[framerusercontent.com/assets/5HcVoGak8k5agFJSaKa4floXVu0.woff2]
[framerusercontent.com/assets/rZ5DdENNqIdFTIyQQiP5isO7M.woff2]
[framerusercontent.com/assets/P2Bw01CtL0b9wqygO0sSVogWbo.woff2]
[framerusercontent.com/assets/d3tHnaQIAeqiE5hGcRw4mmgWYU.woff2]
[framerusercontent.com/assets/5vvr9Vy74if2I6bQbJvbw7SY1pQ.woff2]
[framerusercontent.com/assets/EOr0mi4hNtlgWNn9if640EZzXCo.woff2]
[framerusercontent.com/assets/Y9k9QrlZAqio88Klkmbd8VoMQc.woff2]
[framerusercontent.com/assets/OYrD2tBIBPvoJXiIHnLoOXnY9M.woff2]
[framerusercontent.com/assets/JeYwfuaPfZHQhEG8U5gtPDZ7WQ.woff2]
[framerusercontent.com/assets/GrgcKwrN6d3Uz8EwcLHZxwEfC4.woff2]
[framerusercontent.com/assets/b6Y37FthZeALduNqHicBT6FutY.woff2]
[framerusercontent.com/assets/NXxvFRoY5LDh3yCm7MEP2jqYk.woff2]
[framerusercontent.com/assets/5CcgcVyoWSqO1THBiISd6oCog.woff2]
[framerusercontent.com/assets/MF544SVCvk3yNpLIz3pwDXFZPKM.woff2]
[framerusercontent.com/assets/TNtxudDBkAm2RXdtU3rvTBwoM.woff2]
[framerusercontent.com/assets/fIabp4VN5z7iJ3lNOz9qfNeQHc.woff2]
[framerusercontent.com/assets/8kSLqTnVCEtjx0nu8PxTD4Nh5UU.woff2]
[framerusercontent.com/assets/9iRSYClnXA0RMygyIn6yjjWXJw.woff2]
[framerusercontent.com/assets/MVhJhYeDWxeyqT939zMNyw9p8.woff2]
[framerusercontent.com/assets/WXQXYfAQJIi2pCJACAfWWXfIDqI.woff2]
[framerusercontent.com/assets/RJeJJARdrtNUtic58kOz7hIgBuE.woff2]
[framerusercontent.com/assets/4hBRAuM02i3fsxYDzyNvt5Az2so.woff2]
[framerusercontent.com/assets/fz1JbBffNGgK7BNUI1mmbFBlgA8.woff2]
[framerusercontent.com/assets/Z4sGWU2OKBoXPWulb5P25vULA.woff2]
[framerusercontent.com/assets/eIZyQwIlHYR0mnMSneEDMtqBPgw.woff2]
[framerusercontent.com/assets/BkDpl4ghaqvMi1btKFyG2tdbec.woff2]
[framerusercontent.com/assets/zAMK70AQRFSShJgUiaR5IiIhgzk.woff2]
[framerusercontent.com/assets/IETjvc5qzUaRoaruDpPSwCUM8.woff2]
[framerusercontent.com/assets/oLCoaT3ioA0fHdJnWR9W6k7NY.woff2]
[framerusercontent.com/assets/Sj0PCHQSBjFmEp6NBWg6FNaKc.woff2]
[framerusercontent.com/assets/aqiiD4LUKkKzXdjGL5UzHq8bo5w.woff2]
[framerusercontent.com/assets/H4TfENUY1rh8R9UaSD6vngjJP3M.woff2]
[framerusercontent.com/assets/hyOgCu0Xnghbimh0pE8QTvtt2AU.woff2]
[framerusercontent.com/assets/NeGmSOXrPBfEFIy5YZeHq17LEDA.woff2]
[framerusercontent.com/assets/oYaAX5himiTPYuN8vLWnqBbfD2s.woff2]
[framerusercontent.com/assets/lEJLP4R0yuCaMCjSXYHtJw72M.woff2]
[framerusercontent.com/assets/cRJyLNuTJR5jbyKzGi33wU9cqIQ.woff2]
[framerusercontent.com/assets/yDtI2UI8XcEg1W2je9XPN3Noo.woff2]
[framerusercontent.com/assets/A0Wcc7NgXMjUuFdquHDrIZpzZw0.woff2]
[framerusercontent.com/assets/DpPBYI0sL4fYLgAkX8KXOPVt7c.woff2]
[framerusercontent.com/assets/4RAEQdEOrcnDkhHiiCbJOw92Lk.woff2]
[framerusercontent.com/assets/1K3W8DizY3v4emK8Mb08YHxTbs.woff2]
[framerusercontent.com/assets/tUSCtfYVM1I1IchuyCwz9gDdQ.woff2]
[framerusercontent.com/assets/VgYFWiwsAC5OYxAycRXXvhze58.woff2]
[framerusercontent.com/assets/syRNPWzAMIrcJ3wIlPIP43KjQs.woff2]
[framerusercontent.com/assets/GIryZETIX4IFypco5pYZONKhJIo.woff2]
[framerusercontent.com/assets/PONfPc6h4EPYwJliXQBmjVx7QxI.woff2]
[framerusercontent.com/assets/zsnJN7Z1wdzUvepJniD3rbvJIyU.woff2]
[framerusercontent.com/assets/UrzZBOy7RyJEWAZGduzOeHiHuY.woff2]
[framerusercontent.com/assets/996sR9SfSDuYELz8oHhDOcErkY.woff2]
[framerusercontent.com/assets/ftN1HpyPVJEoEb4q36SOrNdLXU.woff2]
[framerusercontent.com/assets/Mput0MSwESKlJ6TMz9MPDXhgrk.woff2]
[framerusercontent.com/assets/JAur4lGGSGRGyrFi59JSIKqVgU.woff2]
[framerusercontent.com/assets/YJsHMqeEm0oDHuxRTVCwg5eZuo.woff2]
[framerusercontent.com/assets/oJJMyJlDykMObEyb5VexHSxd24.woff2]
[framerusercontent.com/assets/IpeaX0WzLaonj68howNZg4SJJaY.woff2]
[framerusercontent.com/assets/KCj1bV3vDXY5OLHttTeRYcu9J8.woff2]
[framerusercontent.com/assets/biaVHhOprxbHaR3dIP7Z8cYurHg.woff2]
[framerusercontent.com/assets/3on0VNjjmogkq1f9ziKFcrY72MI.woff2]
[framerusercontent.com/assets/gNa011yWpVpNFgUhhSlDX8nUiPQ.woff2]
[framerusercontent.com/assets/vpq17U0WM26sBGHgq9jnrUmUf8.woff2]
[framerusercontent.com/assets/bNYh7lNMEpOegeRYAtyGel1WqBE.woff2]
[framerusercontent.com/assets/FBzcXZYmdulcZC0z278U6o0cw.woff2]
[framerusercontent.com/assets/ua60IRqWK94xCrq0SC639Hbsdjg.woff2]
[framerusercontent.com/assets/Pd8gNPn2dSCh4FyjWFw9PJysoQ.woff2]
[framerusercontent.com/assets/6OdIurwS6YHsVW2i5fR5CKn0gg.woff2]
[framerusercontent.com/assets/DtVQjTG8OGGKnwKYrMHRZVCyo.woff2]
[framerusercontent.com/assets/YYB6GZmCWnZq3RWZOghuZIOxQY.woff2]
[framerusercontent.com/assets/miJTzODdiyIr3tRo9KEoqXXk2PM.woff2]
[framerusercontent.com/assets/6ZMhcggRFfEfbf7lncCpaUbA.woff2]
[framerusercontent.com/assets/8sCN6PGUr4I8q5hC5twAXfcwqV0.woff2]
[framerusercontent.com/assets/aUYDUTztS7anQw5JuwCncXeLOBY.woff2]
[framerusercontent.com/assets/8mwKwShtYEXIZ5diRBT74yn9jdQ.woff2]
[framerusercontent.com/assets/yDiPvYxioBHsicnYxpPW35WQmx8.woff2]
[framerusercontent.com/assets/CfMzU8w2e7tHgF4T4rATMPuWosA.woff2]
[framerusercontent.com/assets/867QObYax8ANsfX4TGEVU9YiCM.woff2]
[framerusercontent.com/assets/Oyn2ZbENFdnW7mt2Lzjk1h9Zb9k.woff2]
[framerusercontent.com/assets/cdAe8hgZ1cMyLu9g005pAW3xMo.woff2]
[framerusercontent.com/assets/DOfvtmE1UplCq161m6Hj8CSQYg.woff2]
[framerusercontent.com/assets/pKRFNWFoZl77qYCAIp84lN1h944.woff2]
[framerusercontent.com/assets/tKtBcDnBMevsEEJKdNGhhkLzYo.woff2]
[framerusercontent.com/assets/khkJkwSL66WFg8SX6Wa726c.woff2]
[framerusercontent.com/assets/0E7IMbDzcGABpBwwqNEt60wU0w.woff2]
[framerusercontent.com/assets/NTJ0nQgIF0gcDelS14zQ9NR9Q.woff2]
[framerusercontent.com/assets/QrcNhgEPfRl0LS8qz5Ln8olanl8.woff2]
[framerusercontent.com/assets/JEXmejW8mXOYMtt0hyRg811kHac.woff2]
[framerusercontent.com/assets/Bo5CNzBv77CafbxOtKIkpw9egw.woff2]
[framerusercontent.com/assets/uy9s0iWuxiNnVt8EpTI3gzohpwo.woff2]
[framerusercontent.com/assets/vxBnBhH8768IFAXAb4Qf6wQHKs.woff2]
[framerusercontent.com/assets/zSsEuoJdh8mcFVk976C05ZfQr8.woff2]
[framerusercontent.com/assets/b8ezwLrN7h2AUoPEENcsTMVJ0.woff2]
[framerusercontent.com/assets/mvNEIBLyHbscgHtwfsByjXUz3XY.woff2]
[framerusercontent.com/assets/6FI2EneKzM3qBy5foOZXey7coCA.woff2]
[framerusercontent.com/assets/fuyXZpVvOjq8NesCOfgirHCWyg.woff2]
[framerusercontent.com/assets/NHHeAKJVP0ZWHk5YZnQQChIsBM.woff2]
[framerusercontent.com/assets/H89BbHkbHDzlxZzxi8uPzTsp90.woff2]
[framerusercontent.com/assets/u6gJwDuwB143kpNK1T1MDKDWkMc.woff2]
[framerusercontent.com/assets/43sJ6MfOPh1LCJt46OvyDuSbA6o.woff2]
[framerusercontent.com/assets/wccHG0r4gBDAIRhfHiOlq6oEkqw.woff2]
[framerusercontent.com/assets/WZ367JPwf9bRW6LdTHN8rXgSjw.woff2]
[framerusercontent.com/assets/ia3uin3hQWqDrVloC1zEtYHWw.woff2]
[framerusercontent.com/assets/2A4Xx7CngadFGlVV4xrO06OBHY.woff2]
[framerusercontent.com/assets/if4nAQEfO1l3iBiurvlUSTaMA.woff2]
[framerusercontent.com/assets/GdJ7SQjcmkU1sz7lk5lMpKUlKY.woff2]
[framerusercontent.com/assets/sOA6LVskcCqlqggyjIZe0Zh39UQ.woff2]
[framerusercontent.com/assets/zUCSsMbWBcHOQoATrhsPVigkc.woff2]
[framerusercontent.com/assets/6eYp9yIAUvPZY7o0yfI4e2OP6g.woff2]
[framerusercontent.com/assets/8AYN209PzikkmqPEbOGJlpgu6M.woff2]
[framerusercontent.com/assets/L9nHaKi7ULzGWchEehsfwttxOwM.woff2]
[framerusercontent.com/assets/05KsVHGDmqXSBXM4yRZ65P8i0s.woff2]
[framerusercontent.com/assets/ky8ovPukK4dJ1Pxq74qGhOqCYI.woff2]
[framerusercontent.com/assets/vvNSqIj42qeQ2bvCRBIWKHscrc.woff2]
[framerusercontent.com/assets/3ZmXbBKToJifDV9gwcifVd1tEY.woff2]
[framerusercontent.com/assets/FNfhX3dt4ChuLJq2PwdlxHO7PU.woff2]
[framerusercontent.com/assets/gcnfba68tfm7qAyrWRCf9r34jg.woff2]
[framerusercontent.com/assets/efTfQcBJ53kM2pB1hezSZ3RDUFs.woff2]
[framerusercontent.com/assets/FMAZXZOvzvP9daUF2pk7jeNQE.woff2]
[framerusercontent.com/assets/XRXDXcGEcHEhj5vRoCcaNzLUII.woff2]
[framerusercontent.com/assets/WL8JiibS9vHU7Cb3NGaJKioRjQ.woff2]
[framerusercontent.com/assets/LfqxQLLXCFxnUuZS8fkv9AT0uI.woff2]
[framerusercontent.com/assets/3IqofWpyruZr7Qc3kaedPmw7o.woff2]
[framerusercontent.com/assets/N9O1YBTY0ROZrE0GiMsoMSyPbQ.woff2]
[framerusercontent.com/assets/Qpek1Wzh1dJ3f8j88Vebg4yC92w.woff2]
[framerusercontent.com/assets/2uIBiALfCHVpWbHqRMZutfT7giU.woff2]
[framerusercontent.com/assets/Zwfz6xbVe5pmcWRJRgBDHnMkOkI.woff2]
[framerusercontent.com/assets/U9LaDDmbRhzX3sB8g8glTy5feTE.woff2]
[framerusercontent.com/assets/tVew2LzXJ1t7QfxP1gdTIdj2o0g.woff2]
[framerusercontent.com/assets/DF7bjCRmStYPqSb945lAlMfCCVQ.woff2]
[framerusercontent.com/assets/bHYNJqzTyl2lqvmMiRRS6Y16Es.woff2]
[framerusercontent.com/assets/vebZUMjGyKkYsfcY73iwWTzLNag.woff2]
[framerusercontent.com/assets/Vu4RH4OOAYHIXg4LpXVzNVmbpY.woff2]
[framerusercontent.com/assets/eOWZqb2nQ1SLbtYmcGBFYFSOE5U.woff2]
[framerusercontent.com/assets/H0Z3dXk6VFBv9TPQedY7FZVVVQ.woff2]
[framerusercontent.com/assets/sMud1BrfhejzYfhsGoUtjWdRb90.woff2]
[framerusercontent.com/assets/SDel4nEmK9AyiBktaYZfYI9DrY.woff2]
[framerusercontent.com/assets/GoWsxcsKZ1Hiy2Y8l40zBgNwYvo.woff2]
[framerusercontent.com/assets/iPDparXDXhfwSxmuiEXzr0b1vAU.woff2]
[framerusercontent.com/assets/kZK78sVb0ChIxwI4EF00ArQvpu0.woff2]
[framerusercontent.com/assets/zLXnIInNs9VhCJZQ1B0FvHgtWDM.woff2]
[framerusercontent.com/assets/yHa3FUh9QDCLkYGoHU44PsRbTI.woff2]
[framerusercontent.com/assets/w3wwH92cnNPcZVAf63gAmGQW0k.woff2]
[framerusercontent.com/assets/w9aHRXFhel7kScIgRMsPqEwE3AY.woff2]
[framerusercontent.com/assets/t5RNiwIqoB2GvYhcdv6NPQF6kfk.woff2]
[framerusercontent.com/assets/eDNmF3DmGWYDX8NrhNZOl1SDyQ.woff2]
[framerusercontent.com/assets/MaMAn5Jp5gJg1z3VaLH65QwWPLc.woff2]
[framerusercontent.com/assets/fEqgEChcTaneQFxeugexHq7Bk.woff2]
[framerusercontent.com/assets/nL7d8Ph0ViwUQorApF89PoAagQI.woff2]
[framerusercontent.com/assets/YOHXUQlY1iC2t7qT4HeLSoBDtn4.woff2]
[framerusercontent.com/assets/TfzHIi6ZmZDuhnIFGcgM6Ipuim4.woff2]
[framerusercontent.com/assets/CnMzVKZxLPB68RITfNGUfLe65m4.woff2]
[framerusercontent.com/assets/ub5XwqqEAMrXQz31ej6fNqbxnBc.woff2]
[framerusercontent.com/assets/ePuN3mCjzajIHnyCdvKBFiZkyY0.woff2]
[framerusercontent.com/assets/V3j1L0o5vPFKe26Sw4HcpXCfHo.woff2]
[framerusercontent.com/assets/F3kdpd2N0cToWV5huaZjjgM.woff2]
[framerusercontent.com/assets/0iDmxkizU9goZoclqIqsV5rvETU.woff2]
[framerusercontent.com/assets/r0mv3NegmA0akcQsNFotG32Las.woff2]
[framerusercontent.com/assets/iwWTDc49ENF2tCHbqlNARXw6Ug.woff2]
[framerusercontent.com/assets/Ii21jnSJkulBKsHHXKlapi7fv9w.woff2]
[framerusercontent.com/assets/gazZKZuUEtvr9ULhdA4SprP0AZ0.woff2]
[framerusercontent.com/assets/pe8RoujoPxuTZhqoNzYqHX2MXA.woff2]
[framerusercontent.com/assets/teGhWnhH3bCqefKGsIsqFy3hK8.woff2]
[framerusercontent.com/assets/qQHxgTnEk6Czu1yW4xS82HQWFOk.woff2]
[framerusercontent.com/assets/MJ3N6lfN4iP5Um8rJGqLYl03tE.woff2]
[framerusercontent.com/assets/PfdOpgzFf7N2Uye9JX7xRKYTgSc.woff2]
[framerusercontent.com/assets/0SEEmmWc3vovhaai4RlRQSWRrz0.woff2]
[framerusercontent.com/assets/I11LrmuBDQZweplJ62KkVsklU5Y.woff2]
[framerusercontent.com/assets/UjFZPDy3qGuDktQM4q9CxhKfIa8.woff2]
[framerusercontent.com/assets/8exwVHJy2DhJ4N5prYlVMrEKmQ.woff2]
[framerusercontent.com/assets/UTeedEK21hO5jDxEUldzdScUqpg.woff2]
[framerusercontent.com/assets/Ig8B8nzy11hzIWEIYnkg91sofjo.woff2]
[framerusercontent.com/assets/qITWJ2WdG0wrgQPDb8lvnYnTXDg.woff2]
[framerusercontent.com/assets/qctQFoJqJ9aIbRSIp0AhCQpFxn8.woff2]
[framerusercontent.com/assets/RDJfWXA0aFdpD2OO2AJLBh2Z7E.woff2]
[framerusercontent.com/assets/e97VFGU1js4GGgvQCnvIiHpRf0.woff2]
[framerusercontent.com/assets/9WZaFuMg9OiQ7an8bugAJkUG04.woff2]
[framerusercontent.com/assets/Kc2pkIGjh9K7EmlGx2sorKHcJDw.woff2]
[framerusercontent.com/assets/pFve2DToKu0uyKsWs4NBTHpK7Vc.woff2]
[framerusercontent.com/assets/9Nu9BRcGkRrLnJCGqVdSUXJt2Ig.woff2]
[framerusercontent.com/assets/4hhgqiTCDCCa8WhFmTB7QXODupk.woff2]
[framerusercontent.com/assets/EZSFVoaPWKnZ6GuVk5dlS5pk.woff2]
[framerusercontent.com/assets/TMYuLEOqLWgunxD5qCFeADEgk.woff2]
[framerusercontent.com/assets/EL4v8OG6t2XwHSJLO1YF25DNiDw.woff2]
[framerusercontent.com/assets/vSoBOmgqFUd0rVCgogjwL7jQI.woff2]
[framerusercontent.com/assets/bIwBTbnyeAOa9wQIBagEdRDHXhE.woff2]
[framerusercontent.com/assets/x8eJ5VkmPMHVhVbF0E8JYFJmwc.woff2]
[framerusercontent.com/assets/fmXYBApyDC604dR7g2aaACGvCk.woff2]
[framerusercontent.com/assets/fWaKVy6hRB8Z8aBaXHMiFEvPILU.woff2]
[framerusercontent.com/assets/syX0favWwGMDkTs34aSUJp2FDg.woff2]
[framerusercontent.com/assets/MRDnh8epalyri0qENYQVaYkjNjA.woff2]
[framerusercontent.com/assets/dkR8k5Cze1rY2rQWCcFiLvNxm8M.woff2]
[framerusercontent.com/assets/3RO0kKTqHkJmvsJcJAr5at0.woff2]
[framerusercontent.com/assets/mKzAiDvphQ1qAmJcRwlQ0QOK3Dc.woff2]
[framerusercontent.com/assets/GSo3TkcX0SwmUNLnnUlsKhqgZI.woff2]
[framerusercontent.com/assets/7b925B3vAlG2atcrbV7LoSudp7c.woff2]
[framerusercontent.com/assets/FuEG87bF2T2uEeI84KQYYAE9wA.woff2]
[framerusercontent.com/assets/l72nQILmlFUAK8OXlvJB8Qybl2M.woff2]
[framerusercontent.com/assets/PjAOIKsdFTryeYPWcKg4xHgWCTI.woff2]
[framerusercontent.com/assets/5u1LyW8isA2RA3QfYvCc6TVeGSU.woff2]
[framerusercontent.com/assets/OxW7bkxVYziGRnONbuXLAeuUEkQ.woff2]
[framerusercontent.com/assets/vFOa28RMJNgff4GnWLns8E8vGZw.woff2]
[framerusercontent.com/assets/JVGAsgKKXCCsDQ3MCrxIs5u1U.woff2]
[framerusercontent.com/assets/GeFYhvsobZhw8u0Xza2zCmC8Cw.woff2]
[framerusercontent.com/assets/8dxmIktsyEgZt0OloSu5gz6TgLI.woff2]
[framerusercontent.com/assets/f2kclCrwmFV8YeznrosrT3kcjE.woff2]
[framerusercontent.com/assets/HTPyW5jOpXfwIja9CrgNJUDriY4.woff2]
[framerusercontent.com/assets/raPlI8zqlyoXu4yBGiiecGg2dI.woff2]
[framerusercontent.com/assets/xFtzow8wtMpaEQuIGgCbt25Qorg.woff2]
[framerusercontent.com/assets/THWAFHoAcmqLMy81E8hCSdziVKA.woff2]
[framerusercontent.com/assets/sQxGYWDlRkDr0eOKqiNRl6g5rs.woff2]
[framerusercontent.com/assets/NNTAT1XAm8ZRkr824inYPkjNeL4.woff2]
[framerusercontent.com/assets/P2qr9PAWBt905929rHfxmneMUG0.woff2]
[framerusercontent.com/assets/2BmSa4TZZvFKAZg2DydxTbvKlTU.woff2]
[framerusercontent.com/assets/P0JCAnd2N1Q6qwTQohre3XmQ.woff2]
[framerusercontent.com/assets/KMFW46iYsEZaUBwXbwPc9nQm71o.woff2]
[framerusercontent.com/assets/A5P4nkYCJlLQxGxaS1lzG8PNSc.woff2]
[framerusercontent.com/assets/vuPfygr1n1zYxscvWgGI8hRf3LE.woff2]
[framerusercontent.com/assets/jplzYzqFHXreyADwk9yrkQlWQ.woff2]
[framerusercontent.com/assets/sSIKP2TfVPvfK7YVENPE5H87A.woff2]
[framerusercontent.com/assets/gawbeo7iEJSRZ4kcrh6YRrU8o.woff2]
[framerusercontent.com/assets/RkMAGv2iAm3rw7tZzs7FaZf0rM.woff2]
[framerusercontent.com/assets/8E92vrr3j1gDqzepmeSbD2u0JxA.woff2]
[framerusercontent.com/assets/KKQXBq6BF0xEmVbrTnWxh3Yw.woff2]
[framerusercontent.com/assets/ugFYeIKZEJXDxI6Kh0YQUX6EK9I.woff2]
[framerusercontent.com/assets/DgDysCLt0HkIpWMu2uN5tivgQ.woff2]
[framerusercontent.com/assets/2yEyxokC6poTg3Uc5E2ogfVi6WE.woff2]
[framerusercontent.com/assets/wmHLUqO4QxLaADUScavxvknnBQ.woff2]
[framerusercontent.com/assets/e3ySEnhUUpItjJUo5buJawUl4Y.woff2]
[framerusercontent.com/assets/DuYGXsyDXsSnxlZ8qzmcA4x3JiI.woff2]
[framerusercontent.com/assets/fXvVh2JeZlehNcEhKHpHH0frSl0.woff2]
[framerusercontent.com/assets/7pScaNeb6M7n2HF2jKemDqzCIr4.woff2]
[framerusercontent.com/assets/qS4UjQYyATcVV9rODk0Zx9KhkY8.woff2]
[framerusercontent.com/assets/VfD2n20yM7v0hrUEBHEyafsmMBY.woff2]
[framerusercontent.com/assets/4oIO9fB59bn3cKFWz7piCj28z9s.woff2]
[framerusercontent.com/assets/MzumQQZJQBC6KM1omtmwOtsogtI.woff2]
[framerusercontent.com/assets/F5Lmfd3fCAu7TwiYbI4DLWw4ks.woff2]
[framerusercontent.com/assets/toNasQAsgu8B7dP8n9xdXRzdNhU.woff2]
[framerusercontent.com/assets/xPVm3TFQkuvdIaC7nzaBBAiE5Y.woff2]
[framerusercontent.com/assets/xwWV9Y5bwNwM4PjHKFG1XmdwA.woff2]
[framerusercontent.com/assets/oG51mTqVfF2JDETyCzOOIQOpzY.woff2]
[framerusercontent.com/assets/1aaySnsnw0pKE2qUemKvHaM1tw.woff2]
[framerusercontent.com/assets/QTKFuIAPTQlFFMI0HG9beHs3Xc.woff2]
[framerusercontent.com/assets/gLJVFeatQcrirAaS7jqVJIO4.woff2]
[framerusercontent.com/assets/yHWoQPBZSEiCC3aW3JXtcoFby8o.woff2]
[framerusercontent.com/assets/UHqhq621TbUtspKtPKPA1Ne8qY.woff2]
[framerusercontent.com/assets/6dsy2CbviAWDcszGLlgyaLpRMk.woff2]
[framerusercontent.com/assets/TQqnntSFYYGDv7XtyT3ZhfvDA.woff2]
[framerusercontent.com/assets/nE03Xxh2GngsU8hDpg6CRGxqfoM.woff2]
[framerusercontent.com/assets/U1kEiQQO1ar9PuYJyyRkclmq8o.woff2]
[framerusercontent.com/assets/dWFiPjtJpfcxAIDV8RPyuCq04.woff2]
[framerusercontent.com/images/V9nfz26wBepomYesy9KDkfixmM79fb.jpg]
[framerusercontent.com/images/rTcT0qgg6bwEXlVySgeGUaQbAcE90ee.png]
[framerusercontent.com/images/or5kfHnlRcloBnqCZ6fruaQgI7deb.jpg]
[framerusercontent.com/images/yXBiPfIfr44LzAVcuw3yE8SagNM6473.jpg]
[framerusercontent.com/images/O1gxtPrR969QMQQgprLxXxskDjk2a67.jpg]
[framerusercontent.com/images/aAHCl5qP0LpWMRy1UW8uXa5rf061cf.jpg]
[framerusercontent.com/images/uuJZEAxqxLlpKvtRoYDUX2QpsKs089e.png]
[framerusercontent.com/images/mCkAvcRmwl6gt3KE3gEl1m5t3g0090.png]
[framerusercontent.com/images/P7Efad91Jswlb2cildLSAoOzIc0685.png]
[framerusercontent.com/images/3ow72XTiz6owOuqOmn0BUZ2lwss6063.png]
[framerusercontent.com/images/CmnxGeOrC5qoYLBJnvJMCVaITrQ6d2c.png]
[framerusercontent.com/images/y8ZZDtQyqWpaMBMr6iiiq0dPocbb5b.png]
[framerusercontent.com/images/4lOVR6MdrOpuj97aEoLRubsyE0408e.png]
[framerusercontent.com/images/9rAglPjBxcE9w2V5jvugiaQb8cd.jpg]
[framerusercontent.com/images/Wcxo8K8WGLORWppEN69IoXIPQeccc.jpg]
[framerusercontent.com/images/Mfdt3uw8S9JKS4NCR1RrFlQf7e0.jpg]
[framerusercontent.com/images/nbzoz7ypwlAMKuAljZxRfMvnWUf7e0.jpg]
[framerusercontent.com/images/cuNB44gTkft1hw8hPMPIVDzcPdc44d9.jpg]
[framerusercontent.com/images/eFPoBCCnYAqhjsuByfUno7V1eI2616.jpg]
[framerusercontent.com/images/vGzaA2YOiaPGUxxKZQ7iRcuNXM2616.jpg]
[framerusercontent.com/images/ssWqX5BhvCZuK1dUgHvKP0NtKj0f7e0.jpg]
[framerusercontent.com/images/mFtF5scsEY7LhNZ1qxIP6f6c7I2616.jpg]
[framerusercontent.com/images/w3IZU3Sy8vRxcOICjrNz5LLncewf7e0.jpg]
[framerusercontent.com/images/USVGmxtnmuU3S22wUP4xYaATUM87fd.jpg]
[brilliant-usage-785173.framer.app/index.html]
