[fearless-darling-902789.framer.app/index.html]
[backblue.gif]
[fade.gif]
[index.html]
[framerusercontent.com/images/XINmI7xQLYMXpZvEZcXrJjUs.png]
[framerusercontent.com/images/pNXiHaLina004RjJkKBLJhT8LIo.png]
[framerusercontent.com/assets/pNXiHaLina004RjJkKBLJhT8LIo.png]
[fonts.gstatic.com/s/instrumentsans/v4/pxitypc9vsFDm051Uf6KVwgkfoSbSnNPooZAN0lInHGpCWNu2ZGRu3k.woff2]
[fonts.gstatic.com/s/instrumentsans/v4/pxitypc9vsFDm051Uf6KVwgkfoSbSnNPooZAN0lInHGpCWNu15GR.woff2]
[fonts.gstatic.com/s/instrumentsans/v4/pxiTypc9vsFDm051Uf6KVwgkfoSxQ0GsQv8ToedPibnr0She1YmV.woff2]
[fonts.gstatic.com/s/instrumentsans/v4/pxiTypc9vsFDm051Uf6KVwgkfoSxQ0GsQv8ToedPibnr0SZe1Q.woff2]
[fonts.gstatic.com/s/instrumentserif/v5/jizHRFtNs2ka5fXjeivQ4LroWlx-6zAjgn7MsNo.woff2]
[fonts.gstatic.com/s/instrumentserif/v5/jizHRFtNs2ka5fXjeivQ4LroWlx-6zAjjH7M.woff2]
[fonts.gstatic.com/s/instrumentserif/v5/jizBRFtNs2ka5fXjeivQ4LroWlx-6zsTjmbI.woff2]
[fonts.gstatic.com/s/instrumentserif/v5/jizBRFtNs2ka5fXjeivQ4LroWlx-6zUTjg.woff2]
[fonts.gstatic.com/s/kalnia/v6/11hqGpPCwUbbYwZZP0RBuDY62BQZhjvOytM_sLzi-TFWAW-FkVwqEtYCkA.woff2]
[fonts.gstatic.com/s/kalnia/v6/11hqGpPCwUbbYwZZP0RBuDY62BQZhjvOytM_sLzi-TFWAW-FkVxYEtYCkA.woff2]
[fonts.gstatic.com/s/kalnia/v6/11hqGpPCwUbbYwZZP0RBuDY62BQZhjvOytM_sLzi-TFWAW-FkVxWEtY.woff2]
[fonts.gstatic.com/s/carattere/v8/4iCv6Kp1b9dXlgt_Ckvjv2yNL4U.woff2]
[fonts.gstatic.com/s/carattere/v8/4iCv6Kp1b9dXlgt_CkvjvmyNL4U.woff2]
[fonts.gstatic.com/s/carattere/v8/4iCv6Kp1b9dXlgt_CkvjsGyN.woff2]
[fonts.gstatic.com/s/jainipurva/v1/CHynV-vdHVXwbWcUswbUGEoIFn8cjw.woff2]
[fonts.gstatic.com/s/jainipurva/v1/CHynV-vdHVXwbWcUswbUGEoHFn8cjw.woff2]
[fonts.gstatic.com/s/jainipurva/v1/CHynV-vdHVXwbWcUswbUGEoJFn8.woff2]
[framerusercontent.com/assets/5vvr9Vy74if2I6bQbJvbw7SY1pQ.woff2]
[framerusercontent.com/assets/EOr0mi4hNtlgWNn9if640EZzXCo.woff2]
[framerusercontent.com/assets/Y9k9QrlZAqio88Klkmbd8VoMQc.woff2]
[framerusercontent.com/assets/OYrD2tBIBPvoJXiIHnLoOXnY9M.woff2]
[framerusercontent.com/assets/JeYwfuaPfZHQhEG8U5gtPDZ7WQ.woff2]
[framerusercontent.com/assets/GrgcKwrN6d3Uz8EwcLHZxwEfC4.woff2]
[framerusercontent.com/assets/b6Y37FthZeALduNqHicBT6FutY.woff2]
[framerusercontent.com/assets/mYcqTSergLb16PdbJJQMl9ebYm4.woff2]
[framerusercontent.com/assets/ZRl8AlxwsX1m7xS1eJCiSPbztg.woff2]
[framerusercontent.com/assets/nhSQpBRqFmXNUBY2p5SENQ8NplQ.woff2]
[framerusercontent.com/assets/DYHjxG0qXjopUuruoacfl5SA.woff2]
[framerusercontent.com/assets/s7NH6sl7w4NU984r5hcmo1tPSYo.woff2]
[framerusercontent.com/assets/7lw0VWkeXrGYJT05oB3DsFy8BaY.woff2]
[framerusercontent.com/assets/wx5nfqEgOXnxuFaxB0Mn9OhmcZA.woff2]
[framerusercontent.com/assets/vQyevYAyHtARFwPqUzQGpnDs.woff2]
[framerusercontent.com/assets/DpPBYI0sL4fYLgAkX8KXOPVt7c.woff2]
[framerusercontent.com/assets/4RAEQdEOrcnDkhHiiCbJOw92Lk.woff2]
[framerusercontent.com/assets/1K3W8DizY3v4emK8Mb08YHxTbs.woff2]
[framerusercontent.com/assets/tUSCtfYVM1I1IchuyCwz9gDdQ.woff2]
[framerusercontent.com/assets/VgYFWiwsAC5OYxAycRXXvhze58.woff2]
[framerusercontent.com/assets/DXD0Q7LSl7HEvDzucnyLnGBHM.woff2]
[framerusercontent.com/assets/GIryZETIX4IFypco5pYZONKhJIo.woff2]
[framerusercontent.com/assets/H89BbHkbHDzlxZzxi8uPzTsp90.woff2]
[framerusercontent.com/assets/u6gJwDuwB143kpNK1T1MDKDWkMc.woff2]
[framerusercontent.com/assets/43sJ6MfOPh1LCJt46OvyDuSbA6o.woff2]
[framerusercontent.com/assets/wccHG0r4gBDAIRhfHiOlq6oEkqw.woff2]
[framerusercontent.com/assets/WZ367JPwf9bRW6LdTHN8rXgSjw.woff2]
[framerusercontent.com/assets/QxmhnWTzLtyjIiZcfaLIJ8EFBXU.woff2]
[framerusercontent.com/assets/2A4Xx7CngadFGlVV4xrO06OBHY.woff2]
[framerusercontent.com/assets/CfMzU8w2e7tHgF4T4rATMPuWosA.woff2]
[framerusercontent.com/assets/867QObYax8ANsfX4TGEVU9YiCM.woff2]
[framerusercontent.com/assets/Oyn2ZbENFdnW7mt2Lzjk1h9Zb9k.woff2]
[framerusercontent.com/assets/cdAe8hgZ1cMyLu9g005pAW3xMo.woff2]
[framerusercontent.com/assets/DOfvtmE1UplCq161m6Hj8CSQYg.woff2]
[framerusercontent.com/assets/vFzuJY0c65av44uhEKB6vyjFMg.woff2]
[framerusercontent.com/assets/tKtBcDnBMevsEEJKdNGhhkLzYo.woff2]
[framerusercontent.com/assets/5A3Ce6C9YYmCjpQx9M4inSaKU.woff2]
[framerusercontent.com/assets/Qx95Xyt0Ka3SGhinnbXIGpEIyP4.woff2]
[framerusercontent.com/assets/6mJuEAguuIuMog10gGvH5d3cl8.woff2]
[framerusercontent.com/assets/xYYWaj7wCU5zSQH0eXvSaS19wo.woff2]
[framerusercontent.com/assets/otTaNuNpVK4RbdlT7zDDdKvQBA.woff2]
[framerusercontent.com/assets/UjlFhCnUjxhNfep4oYBPqnEssyo.woff2]
[framerusercontent.com/assets/DolVirEGb34pEXEp8t8FQBSK4.woff2]
[framerusercontent.com/third-party-assets/fontshare/wf/AF4RL5YNTMYBSSEZ46MTGB5PEY626Z7W/6I5BYEOFT3EY3QEKXGF7KUJEPCGB37AI/GWTOYS3ZBTJ2S4XIPXWRZXF5V3AZZZL3.woff2]
[framerusercontent.com/images/LAjHmwG7ytSDK6cNvtkQNVh2oe0f0.png]
[fearless-darling-902789.framer.app/about.html]
[fearless-darling-902789.framer.app/gallery.html]
[fearless-darling-902789.framer.app/staff.html]
[fearless-darling-902789.framer.app/range-officers.html]
[fearless-darling-902789.framer.app/contact.html]
[framerusercontent.com/images/pZasYjdU5uyeteUs7SDxSSOuXwcc65e.png]
[framerusercontent.com/images/goSAjhkS72m0CtSWsHTAi60wIIbd40.jpg]
[framerusercontent.com/images/HKNb8wG4Ip0mGTxL3KyNUD04wc65e.png]
[framerusercontent.com/images/iDGRwDU7u8PvwapKKIWmpM2mcb863.png]
[framerusercontent.com/images/RgXYQDlal9aGX0eEPILnciduCg7acc.png]
[framerusercontent.com/images/zLejky29P2R4q1lSGiFUiRV8Wfkaf6c.png]
[framerusercontent.com/images/Y4UUjeB6fFmO3iDSH5OLjZ1XbE8813.png]
[fearless-darling-902789.framer.app/gallery/1.html]
[framerusercontent.com/images/4PC3aHSKQupFwJOpou31u98XF44a240.jpg]
[fearless-darling-902789.framer.app/gallery/2.html]
[framerusercontent.com/images/VDuINmcuSrmHbAMEpGwB8qivC8c590d.png]
[fearless-darling-902789.framer.app/gallery/3.html]
[framerusercontent.com/images/zPp3LyadwIww4o7FO5HYO6UAIcd01.jpg]
[fearless-darling-902789.framer.app/gallery/4.html]
[framerusercontent.com/images/1Rk6PfQGQqXq41Au20nqbNyxkda33.jpg]
[fearless-darling-902789.framer.app/gallery/5.html]
[framerusercontent.com/images/5xOyKf1eUHA0CcyjC3eFm0ARfr403ad.png]
[framerusercontent.com/images/4PC3aHSKQupFwJOpou31u98XF440859.jpg]
[framerusercontent.com/images/VDuINmcuSrmHbAMEpGwB8qivC8c452c.png]
[framerusercontent.com/images/zPp3LyadwIww4o7FO5HYO6UAI71a7.jpg]
[framerusercontent.com/images/1Rk6PfQGQqXq41Au20nqbNyxkb123.jpg]
[framerusercontent.com/images/5xOyKf1eUHA0CcyjC3eFm0ARfr4a0f3.png]
[fearless-darling-902789.framer.app/index.html]
[framerusercontent.com/images/vbvE91K2oDZTSyC1BMXgjgaWEU0.png]
[framerusercontent.com/images/4jDM1gItqmTWhQEaQI8rxJ3fG45c8d.jpg]
[fearless-darling-902789.framer.app/about.html]
[framerusercontent.com/images/VFlw35Abbd8pPm7f5mDxnjr6840a7.png]
[framerusercontent.com/images/9VWPUMVD04fLK1JAZVHL0s7l1RQ4e64.png]
[framerusercontent.com/images/RKxES3adkBXZPbwap8LSYgelCys8bab.jpg]
[framerusercontent.com/images/MndRkNAxDkrNxIEGJrublKDBTXkf7e0.jpg]
[framerusercontent.com/images/o08tnr3FHzqC0Tt1PFBgZF8aEUEa240.jpg]
[framerusercontent.com/images/H9NtdRy9X3u1MdTxacd8Kz7OeE97d1.jpg]
[framerusercontent.com/images/VASHeChV17BugpxRMwCKiDvlEL0b351.jpg]
[framerusercontent.com/images/NuZrUNOXIywBjdfcPNcKoOnC9982616.jpg]
[framerusercontent.com/images/YhA8xSaQYUPppLTKFgfxzHBQIcd01.jpg]
[framerusercontent.com/images/FdljO8kx4OKC5RvPFsFxxBVtgWgc23f.png]
[framerusercontent.com/images/BP7jWHRVOILu6XabfTvO8Vaf6M97d1.jpg]
[framerusercontent.com/images/jSYtfKiHEVnDjkL2aOlL7eruF38da33.jpg]
[framerusercontent.com/images/2cuJKEnNiuLU4j4iRuRz2DWdBZ87770.jpg]
[framerusercontent.com/images/P8XNgkIXSMZDVLGHmYwCRcFOh840a7.png]
[framerusercontent.com/images/9kEIeEhaQZaqvONNxYsmkw8UaPM40a7.png]
[framerusercontent.com/images/RcgNgH6uaQpdkBsPY54UWGV9nHEac18.jpg]
[framerusercontent.com/images/VOfCJ25RhsBzHX2Yap4BQjSHM52be.jpg]
[framerusercontent.com/images/pnVKfm3DwUAbnPZ4nETU9kKReFAf7e0.jpg]
[framerusercontent.com/images/kA9A0RorCeg5LqGjl8GhuhEaSEe814.jpg]
[framerusercontent.com/images/5VUhCWVPgJL752wIQ8QXECBGxce316.jpg]
[framerusercontent.com/images/fooEaQoOCfhDv7XL82dAniwNFXQ458f.png]
[framerusercontent.com/images/M2XrvDXIg2SnMsulJOimmMFZJ3M73f6.png]
[framerusercontent.com/images/djinKIAZwCculYnLlAbYiz6Aek1f2e.jpg]
[framerusercontent.com/images/LphWHGe7681usZyvbN82K0Y5OeQ05a0.jpg]
[framerusercontent.com/images/EXqXFPWxzG0KrG2BbQeFlHPMw05a0.jpg]
[framerusercontent.com/images/HjrjaUXhnrv3hFJWXjPWSnCrgUM05a0.jpg]
[framerusercontent.com/images/yUYgI10QLH32VSqMuSG7h0Ch42w05a0.jpg]
[framerusercontent.com/images/omo906W80wIM9aEpRl7RJ1INU5808.jpg]
[framerusercontent.com/images/fKk7ndbht4Dom30TilMjwDsrqZQ9077.jpg]
[framerusercontent.com/images/Jl5O2QKc3c8QlyzhbrfloiKfoA5808.jpg]
[framerusercontent.com/images/hjyH3OmzEChDs7QsoGnoAWRvDs49077.jpg]
[framerusercontent.com/images/jmqLM5Qex72sDdeqgq4zJfKwi1Icd01.jpg]
[framerusercontent.com/images/LIDk9fqOixjS4joOhBYmUpY85808.jpg]
[framerusercontent.com/images/F3KLBzyEfWdPQHPKDIRQilD1PWgcd01.jpg]
[framerusercontent.com/images/593XLbazhst5AIBxQTXsZXrifka240.jpg]
[fearless-darling-902789.framer.app/gallery.html]
[framerusercontent.com/images/J39b2xHKU59zgQdDttU4oXLEnw6c9c.jpg]
[framerusercontent.com/images/BpaZVmCi9LYrlatveD3wmie91sQ6c9c.jpg]
[framerusercontent.com/images/FVTdJIbAsbkquG7Ip3zA8N1zeYg6c9c.jpg]
[framerusercontent.com/images/ADNmommqePsGI0leI6RLlwHs6c9c.jpg]
[framerusercontent.com/images/xyGFQjkNPmNxDHRtVptdhiD5vnY6c9c.jpg]
[framerusercontent.com/images/uJFLqjwEaCNyfxGHUA3dSyWaLs6c9c.jpg]
[framerusercontent.com/images/CaplBPD3Z9TUiY8ACP1WXXPc86c9c.jpg]
[framerusercontent.com/images/JY1qL7B88zaWGSOXwLG9iJPnA6c9c.jpg]
[framerusercontent.com/images/C8EnhQda1hnlvi5wccRt83X3njQ6c9c.jpg]
[framerusercontent.com/images/uVHxGP0A0rmGupfFWJbzzk180wg6c9c.jpg]
[framerusercontent.com/images/DgO9hzsQkUbEWLoVvei6xLJ1qKI6c9c.jpg]
[framerusercontent.com/images/GSmcVz0m2eBvMVi8YP6Q1Z4R3I6c9c.jpg]
[framerusercontent.com/images/t9faqABbLWErTnxUnQKXwUOMo46c9c.jpg]
[framerusercontent.com/images/3vCW0NMU2sF7gIcxFdH0ko7kjVE6c9c.jpg]
[framerusercontent.com/images/L5jKf2zivSvf3VbVTiTpDToBCs6c9c.jpg]
[framerusercontent.com/images/0KKUPahyUuR6dCJfR51ujFszco6c9c.jpg]
[framerusercontent.com/images/scjzEOq8ZPxgMpqSP4KN6psZETA6c9c.jpg]
[framerusercontent.com/images/wg0vmJWzamGRhuaYkCJFOO3NmtE6c9c.jpg]
[framerusercontent.com/images/X9e7R9G6zMtpWWAEKVcBbcJyxA6c9c.jpg]
[framerusercontent.com/images/Yt2MXb2eROyfmv7vlf4lT1s5ULc6c9c.jpg]
[framerusercontent.com/images/MGPFCOrKOwZ3FWi3wvqWE7yFojI6c9c.jpg]
[framerusercontent.com/images/ok2HBLti8mDRYq5JeAIZ7u7E6c9c.jpg]
[framerusercontent.com/images/jwjl3UoOtBIRkxlJWCjTypk2jR86c9c.jpg]
[framerusercontent.com/images/aLvUpMiZytEZVh2JqZ0VolXwHm86c9c.jpg]
[framerusercontent.com/images/2bRBBuVJknXwHBudfD64t3pnR3c6c9c.jpg]
[framerusercontent.com/images/A3yAIH5nvyumJsFUyFEdRZ8TyA6c9c.jpg]
[framerusercontent.com/images/S7TL9Ltl5j3CYIok1mwQGQ0SKiM6c9c.jpg]
[framerusercontent.com/images/AucP8HKwshLAMJHXiB9oLXY3g2o6c9c.jpg]
[framerusercontent.com/images/OlJGRiIInPuVSEi2Ita2GXKuXU6c9c.jpg]
[framerusercontent.com/images/8ylQ8DfIN3LMLCFffty28jFM06c9c.jpg]
[fearless-darling-902789.framer.app/staff.html]
[fearless-darling-902789.framer.app/range-officers.html]
[framerusercontent.com/images/n3g6pj2y3l65fMMK7BE5I2n4bu040a7.png]
[framerusercontent.com/images/8KC2xk8fopeavIDK5qnE6Y6KUMs9933.jpg]
[framerusercontent.com/images/GKvPiYjZrcHyFrBPNdrYTLUuBU5e6d.png]
[fearless-darling-902789.framer.app/contact.html]
[fearless-darling-902789.framer.app/gallery/6.html]
[framerusercontent.com/images/1wl70ClmjDf9mfjpfFghjdCCRmE82cd.jpg]
[framerusercontent.com/images/1wl70ClmjDf9mfjpfFghjdCCRmEf859.jpg]
[fearless-darling-902789.framer.app/gallery/1.html]
[fearless-darling-902789.framer.app/gallery/2.html]
[fearless-darling-902789.framer.app/gallery/3.html]
[fearless-darling-902789.framer.app/gallery/4.html]
[fearless-darling-902789.framer.app/gallery/5.html]
[framerusercontent.com/images/6tTbkXggWgQCAJ4DO2QEdXXmgMac78.svg]
[framerusercontent.com/images/11KSGbIZoRSg4pjdnUoif6MKHId78a.svg]
[fearless-darling-902789.framer.app/gallery/6.html]
