[brilliant-usage-785173.framer.app/index.html]
[backblue.gif]
[fade.gif]
[index.html]
[framerusercontent.com/sites/icons/default-favicon-light.v1.png]
[framerusercontent.com/sites/icons/default-favicon-dark.v1.png]
[framerusercontent.com/sites/icons/default-touch-icon.v3.png]
[fonts.gstatic.com/s/youngserif/v2/3qTpojO2nS2VtkB3KtkQZ1tz3kYoaQ.woff2]
[framerusercontent.com/images/V9nfz26wBepomYesy9KDkfixmM.jpg]
[framerusercontent.com/images/rTcT0qgg6bwEXlVySgeGUaQbAcE.png]
[brilliant-usage-785173.framer.app/gis-ad.html]
[brilliant-usage-785173.framer.app/field--biologist-ad.html]
[framerusercontent.com/images/or5kfHnlRcloBnqCZ6fruaQgI17f5.jpg]
[framerusercontent.com/images/yXBiPfIfr44LzAVcuw3yE8SagNM17f5.jpg]
[framerusercontent.com/images/O1gxtPrR969QMQQgprLxXxskDjk17f5.jpg]
[brilliant-usage-785173.framer.app/image-of-the-map.html]
[framerusercontent.com/images/aAHCl5qP0LpWMRy1UW8uXa5rf0.jpg]
[framerusercontent.com/images/uuJZEAxqxLlpKvtRoYDUX2QpsKs.png]
[framerusercontent.com/images/mCkAvcRmwl6gt3KE3gEl1m5t3g.png]
[framerusercontent.com/images/P7Efad91Jswlb2cildLSAoOzIc17f5.png]
[framerusercontent.com/images/3ow72XTiz6owOuqOmn0BUZ2lwss.png]
[framerusercontent.com/images/CmnxGeOrC5qoYLBJnvJMCVaITrQ.png]
[framerusercontent.com/images/y8ZZDtQyqWpaMBMr6iiiq0dPoc.png]
[framerusercontent.com/images/4lOVR6MdrOpuj97aEoLRubsyE0.png]
[framerusercontent.com/images/9rAglPjBxcE9w2V5jvugiaQ.jpg]
[framerusercontent.com/images/Wcxo8K8WGLORWppEN69IoXIPQ.jpg]
[framerusercontent.com/images/Mfdt3uw8S9JKS4NCR1RrFlQ.jpg]
[framerusercontent.com/images/nbzoz7ypwlAMKuAljZxRfMvnWU.jpg]
[framerusercontent.com/images/cuNB44gTkft1hw8hPMPIVDzcPdc.jpg]
[framerusercontent.com/images/eFPoBCCnYAqhjsuByfUno7V1eI.jpg]
[framerusercontent.com/images/vGzaA2YOiaPGUxxKZQ7iRcuNXM.jpg]
[framerusercontent.com/images/ssWqX5BhvCZuK1dUgHvKP0NtKj0.jpg]
[framerusercontent.com/images/mFtF5scsEY7LhNZ1qxIP6f6c7I.jpg]
[framerusercontent.com/images/w3IZU3Sy8vRxcOICjrNz5LLncew.jpg]
[framerusercontent.com/images/USVGmxtnmuU3S22wUP4xYaATUM.jpg]
[brilliant-usage-785173.framer.app/index.html]
[framerusercontent.com/images/TC03nv4h8D4Z484KLZDyKm50Dwbf23.png]
[framerusercontent.com/images/hwYuPi32SXcSjpst2ISvLUMhEbf23.png]
[framerusercontent.com/images/66URVB0Nn6JURtu7gIPL0xAmyEs.png]
[framerusercontent.com/images/PoO6w99CbcgCrQ5KXGWsCCtkY.png]
[framerusercontent.com/images/VjBcHSpllm1x1ywC315QBpw5NVY.png]
[framerusercontent.com/images/SVq7XpTI6HOFEhcNDPUhpwVXWc.png]
[framerusercontent.com/images/gdvQmDENusuXKm7ywCXr4PtUhMI.png]
[brilliant-usage-785173.framer.app/gis-ad.html]
[framerusercontent.com/images/qNZsGW1enR23PDuOR0lEd3iDo.png]
[framerusercontent.com/images/52f0sTYopineBXHclQEJ69HtEA.png]
[framerusercontent.com/images/4oeqBVkwfYV1XajITWL7uIZjdk.png]
[framerusercontent.com/images/eEZjCkKi1eW2DMrfuSH8FhLitM.png]
[framerusercontent.com/images/FVTfT7gg8TEWU8QLHLtcS5Zl0.png]
[framerusercontent.com/images/MaZBLJymCnYv7RAXeoSFABRgdlg.png]
[framerusercontent.com/images/vteiOYlcVP6JAeQjqiX4YIRRHSw.png]
[brilliant-usage-785173.framer.app/field--biologist-ad.html]
[framerusercontent.com/images/K56P6RpyBaTaP2pxRu7Tn3zRE.png]
[brilliant-usage-785173.framer.app/image-of-the-map.html]
